// Jest Snapshot v1, https://goo.gl/fbAQLP

exports[`errorOnPurpose API GET /error/classic do get an error 1`] = `
Object {
  "body": Object {
    "help": "an error occured",
    "message": "an error occured",
  },
  "status": 500,
}
`;

exports[`errorOnPurpose API GET /error/http do get an error 1`] = `
Object {
  "body": Object {
    "help": "An error occured",
    "message": "An error occured",
  },
  "status": 400,
}
`;
